// Jest Snapshot v1, https://goo.gl/fbAQLP

exports[`Error should render all breeds 1`] = `
<div
  className="error-page"
>
  <h3
    className="main__title"
  >
    Some title
  </h3>
</div>
`;
