// Jest Snapshot v1, https://goo.gl/fbAQLP

exports[`should render Spinner correctly 1`] = `
<div
  className="spinner"
/>
`;
