// Jest Snapshot v1, https://goo.gl/fbAQLP

exports[`App should render all breeds 1`] = `
<h1>
  Sorry.. there was an error
</h1>
`;
